digraph graphname {
58[label="[B5_5] -> 0 -> [fh5_4]",color="red"];
58 -> 59;
58 -> 119;
55[label="[B4_5] -> 0 -> [fh4_4]",color="red"];
55 -> 56;
55 -> 115;
55 -> 116;
52[label="[B3_5] -> 0 -> [fh3_4]",color="red"];
52 -> 53;
52 -> 112;
52 -> 113;
49[label="[B2_5] -> 0 -> [fh2_4]",color="red"];
49 -> 50;
49 -> 109;
49 -> 110;
46[label="[B1_5] -> 0 -> [fh1_4]",color="red"];
46 -> 47;
46 -> 110;
43[label="[B5_4] -> 0 -> [fh5_3]",color="red"];
43 -> 44;
43 -> 57;
43 -> 59;
40[label="[B4_4] -> 0 -> [fh4_3]",color="red"];
40 -> 41;
40 -> 54;
40 -> 54;
40 -> 56;
37[label="[B3_4] -> 0 -> [fh3_3]",color="red"];
37 -> 38;
37 -> 51;
37 -> 51;
37 -> 53;
34[label="[B2_4] -> 0 -> [fh2_3]",color="red"];
34 -> 35;
34 -> 48;
34 -> 48;
34 -> 50;
31[label="[B1_4] -> 0 -> [fh1_3]",color="red"];
31 -> 32;
31 -> 45;
31 -> 47;
28[label="[B5_3] -> 0 -> [fh5_2]",color="red"];
28 -> 29;
28 -> 42;
28 -> 44;
25[label="[B4_3] -> 0 -> [fh4_2]",color="red"];
25 -> 26;
25 -> 39;
25 -> 39;
25 -> 41;
22[label="[B3_3] -> 0 -> [fh3_2]",color="red"];
22 -> 23;
22 -> 36;
22 -> 36;
22 -> 38;
19[label="[B2_3] -> 0 -> [fh2_2]",color="red"];
19 -> 20;
19 -> 33;
19 -> 33;
19 -> 35;
16[label="[B1_3] -> 0 -> [fh1_2]",color="red"];
16 -> 17;
16 -> 30;
16 -> 32;
13[label="[B5_2] -> 0 -> [fh5_1]",color="red"];
13 -> 14;
13 -> 27;
13 -> 29;
12[label="[B5_1] -> 0 -> [fh5_1]",color="red"];
12 -> 14;
12 -> 71;
10[label="[B4_2] -> 0 -> [fh4_1]",color="red"];
10 -> 11;
10 -> 24;
10 -> 24;
10 -> 26;
9[label="[B4_1] -> 0 -> [fh4_1]",color="red"];
9 -> 11;
9 -> 67;
9 -> 68;
7[label="[B3_2] -> 0 -> [fh3_1]",color="red"];
7 -> 8;
7 -> 21;
7 -> 21;
7 -> 23;
6[label="[B3_1] -> 0 -> [fh3_1]",color="red"];
6 -> 8;
6 -> 64;
6 -> 65;
4[label="[B2_2] -> 0 -> [fh2_1]",color="red"];
4 -> 5;
4 -> 18;
4 -> 18;
4 -> 20;
3[label="[B2_1] -> 0 -> [fh2_1]",color="red"];
3 -> 5;
3 -> 61;
3 -> 62;
1[label="[B1_2] -> 0 -> [fh1_1]",color="red"];
1 -> 2;
1 -> 15;
1 -> 17;
0[label="[B1_1] -> 0 -> [fh1_1]",color="red"];
0 -> 2;
0 -> 62;
59[label="[fh5_4]",color="cyan"];
59 -> 106;
59 -> 118;
119[label="[fv4_5]",color="cyan"];
56[label="[fh4_4]",color="cyan"];
56 -> 103;
56 -> 115;
115[label="[B4_5] -> 1 -> [fv3_5]",color="red"];
115 -> 116;
115 -> 117;
115 -> 119;
116[label="[fv3_5]",color="gold"];
116 -> 117;
53[label="[fh3_4]",color="cyan"];
53 -> 100;
53 -> 112;
112[label="[B3_5] -> 1 -> [fv2_5]",color="red"];
112 -> 113;
112 -> 114;
112 -> 116;
113[label="[fv2_5]",color="pink"];
113 -> 114;
50[label="[fh2_4]",color="cyan"];
50 -> 97;
50 -> 109;
109[label="[B2_5] -> 1 -> [fv1_5]",color="red"];
109 -> 110;
109 -> 111;
109 -> 113;
110[label="[fv1_5]",color="blue"];
110 -> 111;
47[label="[fh1_4]",color="cyan"];
47 -> 96;
47 -> 108;
44[label="[fh5_3]",color="gold"];
44 -> 57;
44 -> 94;
57[label="[B5_4] -> 1 -> [fh5_4]",color="black"];
57 -> 59;
57 -> 106;
57 -> 107;
41[label="[fh4_3]",color="gold"];
41 -> 54;
41 -> 91;
54[label="[B4_4] -> 1 -> [fh4_4]",color="black"];
54 -> 56;
54 -> 103;
54 -> 103;
54 -> 104;
38[label="[fh3_3]",color="gold"];
38 -> 51;
38 -> 88;
51[label="[B3_4] -> 1 -> [fh3_4]",color="black"];
51 -> 53;
51 -> 100;
51 -> 100;
51 -> 101;
35[label="[fh2_3]",color="gold"];
35 -> 48;
35 -> 85;
48[label="[B2_4] -> 1 -> [fh2_4]",color="black"];
48 -> 50;
48 -> 97;
48 -> 97;
48 -> 98;
32[label="[fh1_3]",color="gold"];
32 -> 45;
32 -> 84;
45[label="[B1_4] -> 1 -> [fh1_4]",color="black"];
45 -> 47;
45 -> 96;
45 -> 98;
29[label="[fh5_2]",color="pink"];
29 -> 42;
29 -> 82;
42[label="[B5_3] -> 1 -> [fh5_3]",color="purple"];
42 -> 44;
42 -> 94;
42 -> 95;
26[label="[fh4_2]",color="pink"];
26 -> 39;
26 -> 79;
39[label="[B4_3] -> 1 -> [fh4_3]",color="purple"];
39 -> 41;
39 -> 91;
39 -> 91;
39 -> 92;
23[label="[fh3_2]",color="pink"];
23 -> 36;
23 -> 76;
36[label="[B3_3] -> 1 -> [fh3_3]",color="purple"];
36 -> 38;
36 -> 88;
36 -> 88;
36 -> 89;
20[label="[fh2_2]",color="pink"];
20 -> 33;
20 -> 73;
33[label="[B2_3] -> 1 -> [fh2_3]",color="purple"];
33 -> 35;
33 -> 85;
33 -> 85;
33 -> 86;
17[label="[fh1_2]",color="pink"];
17 -> 30;
17 -> 72;
30[label="[B1_3] -> 1 -> [fh1_3]",color="purple"];
30 -> 32;
30 -> 84;
30 -> 86;
14[label="[fh5_1]",color="blue"];
14 -> 27;
14 -> 70;
27[label="[B5_2] -> 1 -> [fh5_2]",color="green"];
27 -> 29;
27 -> 82;
27 -> 83;
71[label="[fv4_1]",color="blue"];
11[label="[fh4_1]",color="blue"];
11 -> 24;
11 -> 67;
24[label="[B4_2] -> 1 -> [fh4_2]",color="green"];
24 -> 26;
24 -> 79;
24 -> 79;
24 -> 80;
67[label="[B4_1] -> 1 -> [fv3_1]",color="green"];
67 -> 68;
67 -> 69;
67 -> 71;
68[label="[fv3_1]",color="cyan"];
68 -> 69;
8[label="[fh3_1]",color="blue"];
8 -> 21;
8 -> 64;
21[label="[B3_2] -> 1 -> [fh3_2]",color="green"];
21 -> 23;
21 -> 76;
21 -> 76;
21 -> 77;
64[label="[B3_1] -> 1 -> [fv2_1]",color="green"];
64 -> 65;
64 -> 66;
64 -> 68;
65[label="[fv2_1]",color="gold"];
65 -> 66;
5[label="[fh2_1]",color="blue"];
5 -> 18;
5 -> 61;
18[label="[B2_2] -> 1 -> [fh2_2]",color="green"];
18 -> 20;
18 -> 73;
18 -> 73;
18 -> 74;
61[label="[B2_1] -> 1 -> [fv1_1]",color="green"];
61 -> 62;
61 -> 63;
61 -> 65;
62[label="[fv1_1]",color="pink"];
62 -> 63;
2[label="[fh1_1]",color="blue"];
2 -> 15;
2 -> 60;
15[label="[B1_2] -> 1 -> [fh1_2]",color="green"];
15 -> 17;
15 -> 72;
15 -> 74;
106[label="[B5_4] -> 2 -> [fv4_4]",color="red"];
106 -> 107;
118[label="[B5_5] -> 1 -> [fv4_5]",color="red"];
118 -> 119;
103[label="[B4_4] -> 2 -> [fv3_4]",color="red"];
103 -> 104;
103 -> 105;
103 -> 105;
103 -> 107;
117[label="[B4_5] -> 2 -> [fv4_5]",color="black"];
117 -> 119;
100[label="[B3_4] -> 2 -> [fv2_4]",color="red"];
100 -> 101;
100 -> 102;
100 -> 102;
100 -> 104;
114[label="[B3_5] -> 2 -> [fv3_5]",color="purple"];
114 -> 116;
97[label="[B2_4] -> 2 -> [fv1_4]",color="red"];
97 -> 98;
97 -> 99;
97 -> 99;
97 -> 101;
111[label="[B2_5] -> 2 -> [fv2_5]",color="green"];
111 -> 113;
96[label="[B1_4] -> 2 -> [fv1_4]",color="red"];
96 -> 98;
108[label="[B1_5] -> 1 -> [fv1_5]",color="red"];
108 -> 110;
94[label="[B5_3] -> 2 -> [fv4_3]",color="black"];
94 -> 95;
107[label="[fv4_4]",color="cyan"];
91[label="[B4_3] -> 2 -> [fv3_3]",color="black"];
91 -> 92;
91 -> 93;
91 -> 93;
91 -> 95;
104[label="[fv3_4]",color="gold"];
104 -> 105;
88[label="[B3_3] -> 2 -> [fv2_3]",color="black"];
88 -> 89;
88 -> 90;
88 -> 90;
88 -> 92;
101[label="[fv2_4]",color="pink"];
101 -> 102;
85[label="[B2_3] -> 2 -> [fv1_3]",color="black"];
85 -> 86;
85 -> 87;
85 -> 87;
85 -> 89;
98[label="[fv1_4]",color="blue"];
98 -> 99;
84[label="[B1_3] -> 2 -> [fv1_3]",color="black"];
84 -> 86;
82[label="[B5_2] -> 2 -> [fv4_2]",color="purple"];
82 -> 83;
95[label="[fv4_3]",color="gold"];
79[label="[B4_2] -> 2 -> [fv3_2]",color="purple"];
79 -> 80;
79 -> 81;
79 -> 81;
79 -> 83;
92[label="[fv3_3]",color="pink"];
92 -> 93;
76[label="[B3_2] -> 2 -> [fv2_2]",color="purple"];
76 -> 77;
76 -> 78;
76 -> 78;
76 -> 80;
89[label="[fv2_3]",color="blue"];
89 -> 90;
73[label="[B2_2] -> 2 -> [fv1_2]",color="purple"];
73 -> 74;
73 -> 75;
73 -> 75;
73 -> 77;
86[label="[fv1_3]",color="cyan"];
86 -> 87;
72[label="[B1_2] -> 2 -> [fv1_2]",color="purple"];
72 -> 74;
70[label="[B5_1] -> 1 -> [fv4_1]",color="green"];
70 -> 71;
83[label="[fv4_2]",color="pink"];
80[label="[fv3_2]",color="blue"];
80 -> 81;
69[label="[B4_1] -> 2 -> [fv4_1]",color="red"];
69 -> 71;
77[label="[fv2_2]",color="cyan"];
77 -> 78;
66[label="[B3_1] -> 2 -> [fv3_1]",color="black"];
66 -> 68;
74[label="[fv1_2]",color="gold"];
74 -> 75;
63[label="[B2_1] -> 2 -> [fv2_1]",color="purple"];
63 -> 65;
60[label="[B1_1] -> 1 -> [fv1_1]",color="green"];
60 -> 62;
105[label="[B4_4] -> 3 -> [fv4_4]",color="black"];
105 -> 107;
102[label="[B3_4] -> 3 -> [fv3_4]",color="purple"];
102 -> 104;
99[label="[B2_4] -> 3 -> [fv2_4]",color="green"];
99 -> 101;
93[label="[B4_3] -> 3 -> [fv4_3]",color="purple"];
93 -> 95;
90[label="[B3_3] -> 3 -> [fv3_3]",color="green"];
90 -> 92;
87[label="[B2_3] -> 3 -> [fv2_3]",color="red"];
87 -> 89;
81[label="[B4_2] -> 3 -> [fv4_2]",color="green"];
81 -> 83;
78[label="[B3_2] -> 3 -> [fv3_2]",color="red"];
78 -> 80;
75[label="[B2_2] -> 3 -> [fv2_2]",color="black"];
75 -> 77;
}
